// Jest Snapshot v1, https://goo.gl/fbAQLP

exports[`Pruebas en <PrimeraApp /> debe de mostrar <PrimeraApp />> correctamente 1`] = `
<Fragment>
  <h1>
    Hola, Soy Francisco
    !!!
  </h1>
   
  <p>
    Soy un subtitulo
  </p>
</Fragment>
`;
