// Jest Snapshot v1, https://goo.gl/fbAQLP

exports[`Pruebas en <DeleteEventFab /> debe de mostrarse correctamente 1`] = `ReactWrapper {}`;
