// Jest Snapshot v1, https://goo.gl/fbAQLP

exports[`Pruebas en LoginScreen /> debe de mostrarse correctamente 1`] = `
Array [
  " ",
  Array [
    <h3
      className="auth__title"
    >
      Login
    </h3>,
    "  ",
    <form
      className="animate__animated animate__fadeIn animate__faster"
      onSubmit={[Function]}
    >
       
      <input
        autoComplete="off"
        className="auth__input"
        name="email"
        onChange={[Function]}
        placeholder="E-Mail"
        type="text"
        value="frank@email.com"
      />
      <input
        className="auth__input"
        name="password"
        onChange={[Function]}
        placeholder="Password"
        type="password"
        value="123456789"
      />
      <button
        className="btn btn-primary btn-block"
        disabled={false}
        type="submit"
      >
        Login
      </button>
      <div
        className="auth__social-network"
      >
        <p>
          Login with Social Networks
        </p>
        <div
          className="google-btn"
          onClick={[Function]}
        >
          <div
            className="google-icon-wrapper"
          >
            <img
              alt="google button"
              className="google-icon"
              src="https://upload.wikimedia.org/wikipedia/commons/5/53/Google_%22G%22_Logo.svg"
            />
          </div>
          <p
            className="btn-text"
          >
            <b>
              Login with Google
            </b>
          </p>
        </div>
      </div>
      <a
        className="link"
        href="/auth/register"
        onClick={[Function]}
      >
        Create New Account
      </a>
    </form>,
  ],
]
`;
